
Memory Configuration

Name             Origin             Length             Attributes
flash            0x08000000         0x00020000         xr
SRAM             0x20000000         0x00005000         xrw
*default*        0x00000000         0xffffffff

Linker script and memory map


.text           0x08000000      0x118
 *(.vectors)
 .vectors       0x08000000       0x50 startup.o
 *(.text)
 .text          0x08000050       0xc0 app.o
                0x08000050                main
 .text          0x08000110        0x8 startup.o
 *(.rodata)

.glue_7         0x08000118        0x0
 .glue_7        0x00000000        0x0 linker stubs

.glue_7t        0x08000118        0x0
 .glue_7t       0x00000000        0x0 linker stubs

.vfp11_veneer   0x08000118        0x0
 .vfp11_veneer  0x00000000        0x0 linker stubs

.v4_bx          0x08000118        0x0
 .v4_bx         0x00000000        0x0 linker stubs

.iplt           0x08000118        0x0
 .iplt          0x00000000        0x0 app.o

.rel.dyn        0x08000118        0x0
 .rel.iplt      0x00000000        0x0 app.o

.data           0x08000118        0xc
 *(.data)
 .data          0x08000118        0xc app.o
                0x08000118                RCC_APB2ENR
                0x0800011c                GPIOA_CRH
                0x08000120                GPIOA_ODR
 .data          0x08000124        0x0 startup.o

.igot.plt       0x08000124        0x0
 .igot.plt      0x00000000        0x0 app.o

.bss            0x20000000        0x0
 *(.bss)
 .bss           0x20000000        0x0 app.o
 .bss           0x20000000        0x0 startup.o
LOAD app.o
LOAD startup.o
OUTPUT(lab_2.elf elf32-littlearm)

.debug_info     0x00000000      0x31f
 .debug_info    0x00000000      0x228 app.o
 .debug_info    0x00000228       0xf7 startup.o

.debug_abbrev   0x00000000       0xd8
 .debug_abbrev  0x00000000       0xc4 app.o
 .debug_abbrev  0x000000c4       0x14 startup.o

.debug_loc      0x00000000       0x38
 .debug_loc     0x00000000       0x38 app.o

.debug_aranges  0x00000000       0x40
 .debug_aranges
                0x00000000       0x20 app.o
 .debug_aranges
                0x00000020       0x20 startup.o

.debug_line     0x00000000       0xb9
 .debug_line    0x00000000       0x7e app.o
 .debug_line    0x0000007e       0x3b startup.o

.debug_str      0x00000000      0x1cc
 .debug_str     0x00000000      0x1cc app.o
                                0x1e5 (size before relaxing)

.comment        0x00000000       0x11
 .comment       0x00000000       0x11 app.o
                                 0x12 (size before relaxing)

.ARM.attributes
                0x00000000       0x31
 .ARM.attributes
                0x00000000       0x33 app.o
 .ARM.attributes
                0x00000033       0x21 startup.o

.debug_frame    0x00000000       0x2c
 .debug_frame   0x00000000       0x2c app.o
