
Allocating common symbols
Common symbol       size              file

BSS_variable_1      0x1               app.o

Memory Configuration

Name             Origin             Length             Attributes
flash            0x08000000         0x00020000         xr
SRAM             0x20000000         0x00005000         xrw
*default*        0x00000000         0xffffffff

Linker script and memory map


.text           0x08000000      0x1a4
 *(.vectors*)
 .vectors       0x08000000       0x1c startup.o
                0x08000000                vectors
 *(.text)
 .text          0x0800001c       0xc0 app.o
                0x0800001c                main
 .text          0x080000dc       0xc4 startup.o
                0x080000dc                Reset_handler
                0x08000194                Bus_fault_handler
                0x08000194                Default_Handler
                0x08000194                Usage_fault_handler
                0x08000194                MM_fault_handler
                0x08000194                H_fault_handler
                0x08000194                NMI_handler
 *(.rodata)
 .rodata        0x080001a0        0x1 app.o
                0x080001a0                RO_variable_1
                0x080001a4                . = ALIGN (0x4)
 *fill*         0x080001a1        0x3 
                0x080001a4                _END_TEXT = .

.glue_7         0x080001a4        0x0
 .glue_7        0x00000000        0x0 linker stubs

.glue_7t        0x080001a4        0x0
 .glue_7t       0x00000000        0x0 linker stubs

.vfp11_veneer   0x080001a4        0x0
 .vfp11_veneer  0x00000000        0x0 linker stubs

.v4_bx          0x080001a4        0x0
 .v4_bx         0x00000000        0x0 linker stubs

.iplt           0x080001a4        0x0
 .iplt          0x00000000        0x0 app.o

.rel.dyn        0x080001a4        0x0
 .rel.iplt      0x00000000        0x0 app.o

.data           0x20000000        0xc load address 0x080001a4
                0x20000000                _START_DATA = .
 *(.data)
 .data          0x20000000        0xc app.o
                0x20000000                RCC_APB2ENR
                0x20000004                GPIOA_CRH
                0x20000008                GPIOA_ODR
 .data          0x2000000c        0x0 startup.o
                0x2000000c                . = ALIGN (0x4)
                0x2000000c                _END_DATA = .

.igot.plt       0x2000000c        0x0 load address 0x080001b0
 .igot.plt      0x00000000        0x0 app.o

.bss            0x2000000c     0x1004 load address 0x080001b0
                0x2000000c                _START_BSS = .
 *(.bss)
 .bss           0x2000000c        0x0 app.o
 .bss           0x2000000c        0x0 startup.o
 *(COMMON)
 COMMON         0x2000000c        0x1 app.o
                0x2000000c                BSS_variable_1
                0x20000010                . = ALIGN (0x4)
 *fill*         0x2000000d        0x3 
                0x20000010                _END_BSS = .
                0x20001010                . = (. + 0x1000)
 *fill*         0x20000010     0x1000 
                0x20001010                _stack_top = .
LOAD app.o
LOAD startup.o
OUTPUT(lab_2.elf elf32-littlearm)

.debug_info     0x00000000      0x3ee
 .debug_info    0x00000000      0x26c app.o
 .debug_info    0x0000026c      0x182 startup.o

.debug_abbrev   0x00000000      0x192
 .debug_abbrev  0x00000000       0xcb app.o
 .debug_abbrev  0x000000cb       0xc7 startup.o

.debug_loc      0x00000000       0x9c
 .debug_loc     0x00000000       0x38 app.o
 .debug_loc     0x00000038       0x64 startup.o

.debug_aranges  0x00000000       0x40
 .debug_aranges
                0x00000000       0x20 app.o
 .debug_aranges
                0x00000020       0x20 startup.o

.debug_line     0x00000000       0xfb
 .debug_line    0x00000000       0x7e app.o
 .debug_line    0x0000007e       0x7d startup.o

.debug_str      0x00000000      0x229
 .debug_str     0x00000000      0x18e app.o
                                0x1a7 (size before relaxing)
 .debug_str     0x0000018e       0x9b startup.o
                                0x18f (size before relaxing)

.comment        0x00000000       0x11
 .comment       0x00000000       0x11 app.o
                                 0x12 (size before relaxing)
 .comment       0x00000000       0x12 startup.o

.ARM.attributes
                0x00000000       0x33
 .ARM.attributes
                0x00000000       0x33 app.o
 .ARM.attributes
                0x00000033       0x33 startup.o

.debug_frame    0x00000000       0x78
 .debug_frame   0x00000000       0x2c app.o
 .debug_frame   0x0000002c       0x4c startup.o
